Sheet1
File last edited by Mark Webb
=================================
Sheet: Sheet1 [ A1:B2 ]
=================================
    A1: 25
    B1: 2
    A2: 17.899999999999999
    B2: 9999000
